---
source: apollo-router/src/services/supergraph_service.rs
expression: res
---
{
  "data": {
    "currentUser": {
      "activeOrganization": {
        "id": "0",
        "suborga": [
          {
            "id": "1"
          },
          {
            "id": "2"
          },
          {
            "id": "3"
          }
        ]
      }
    },
    "__typename": "Query"
  },
  "hasNext": true
}
